// Jest Snapshot v1, https://goo.gl/fbAQLP

exports[`App Component Matches the snapshot 1`] = `
<div
  className="App"
>
  <p>
    current count 
    0
  </p>
  <button
    className="incrementBtn"
    onClick={[Function]}
  >
    +++
  </button>
  <button
    className="decrementBtn"
    onClick={[Function]}
  >
    ---
  </button>
</div>
`;
